 
****************************************
Report : timing
        -path full
        -delay max
        -max_paths 1
Design : cpu
Version: W-2024.09
Date   : Fri Jul 17 20:51:02 2026
****************************************

 # A fanout number of 1000 was used for high fanout net computations.

Operating Conditions: typical   Library: NangateOpenCellLibrary
Wire Load Model Mode: enclosed

  Startpoint: u_result_queue/head_reg_0_
              (rising edge-triggered flip-flop clocked by my_clk)
  Endpoint: u_execute/u_div/u_div/part_rem_reg_reg[1]
            (rising edge-triggered flip-flop clocked by my_clk)
  Path Group: my_clk
  Path Type: max

  Des/Clust/Port     Wire Load Model       Library
  ------------------------------------------------
  fsu_queue_length4_076242
                     5K_hvratio_1_1        NangateOpenCellLibrary
  cpu                5K_hvratio_1_1        NangateOpenCellLibrary

  Point                                                   Incr       Path
  --------------------------------------------------------------------------
  clock my_clk (rise edge)                            0.000000   0.000000
  clock network delay (ideal)                         0.000000   0.000000
  u_result_queue/head_reg_0_/CK (DFF_X1)              0.000000   0.000000 r
  u_result_queue/head_reg_0_/Q (DFF_X1)               0.091463   0.091463 r
  u_result_queue/U103/ZN (OR2_X1)                     0.100579   0.192042 r
  u_result_queue/U26/Z (BUF_X1)                       0.186450   0.378491 r
  u_result_queue/U2633/ZN (OR2_X1)                    0.072533   0.451025 r
  u_result_queue/U20/ZN (INV_X2)                      0.073564   0.524588 f
  u_result_queue/U17/Z (CLKBUF_X1)                    0.083678   0.608266 f
  u_result_queue/U6943/ZN (NAND2_X1)                  0.038854   0.647121 r
  u_result_queue/U6947/ZN (NAND4_X1)                  0.033669   0.680789 f
  u_result_queue/package_out[470] (fsu_queue_length4_076242)
                                                      0.000000   0.680789 f
  U5742/ZN (OR2_X1)                                   0.064128   0.744917 f
  U5743/ZN (NAND2_X1)                                 0.029861   0.774778 r
  U4915/ZN (AND3_X1)                                  0.053829   0.828607 r
  U4407/ZN (AND2_X1)                                  0.072747   0.901354 r
  U6001/ZN (NAND2_X1)                                 0.038035   0.939389 f
  U6003/ZN (NAND2_X1)                                 0.119470   1.058859 r
  U8655/ZN (XNOR2_X1)                                 0.084770   1.143629 r
  U8659/ZN (AND4_X1)                                  0.060042   1.203671 r
  U8662/ZN (AND4_X1)                                  0.067937   1.271608 r
  U5549/ZN (AND2_X1)                                  0.093905   1.365513 r
  U4228/Z (BUF_X1)                                    0.164091   1.529605 r
  U9173/ZN (AOI22_X1)                                 0.102373   1.631977 f
  U9175/ZN (AOI21_X1)                                 0.068007   1.699984 r
  U9221/ZN (NAND2_X1)                                 0.026495   1.726478 f
  U9222/ZN (AND2_X1)                                  0.038962   1.765441 f
  U5507/ZN (NAND2_X1)                                 0.025157   1.790597 r
  U9409/ZN (AOI22_X1)                                 0.032178   1.822775 f
  U9412/ZN (OAI222_X1)                                0.064384   1.887159 r
  U9503/ZN (AOI21_X1)                                 0.032484   1.919643 f
  U9506/ZN (OAI22_X1)                                 0.052217   1.971860 r
  U9507/ZN (NOR2_X1)                                  0.025917   1.997777 f
  U9647/ZN (OAI21_X1)                                 0.039033   2.036810 r
  U9651/ZN (AOI22_X1)                                 0.034745   2.071555 f
  U9790/ZN (OAI21_X1)                                 0.040398   2.111953 r
  U9794/ZN (AOI22_X1)                                 0.034745   2.146698 f
  U9934/ZN (OAI21_X1)                                 0.040763   2.187461 r
  U10315/ZN (AOI211_X1)                               0.033501   2.220962 f
  U10335/ZN (NOR3_X1)                                 0.098283   2.319245 r
  U10336/ZN (OAI211_X1)                               0.051675   2.370920 f
  U10337/ZN (NAND2_X1)                                0.040278   2.411198 r
  U10338/ZN (OAI21_X1)                                0.034994   2.446192 f
  U10340/ZN (NAND2_X1)                                0.029627   2.475819 r
  U10344/ZN (NAND2_X1)                                0.023002   2.498821 f
  U10346/ZN (OR2_X1)                                  0.089833   2.588654 f
  U4384/Z (BUF_X2)                                    0.098882   2.687536 f
  U10449/ZN (OR2_X1)                                  0.084108   2.771644 f
  U10450/ZN (NAND2_X1)                                0.040221   2.811865 r
  U10451/ZN (XNOR2_X1)                                0.060168   2.872034 r
  U10458/ZN (AND4_X1)                                 0.063801   2.935834 r
  U10459/ZN (AND4_X1)                                 0.066175   3.002009 r
  U10558/ZN (AOI21_X1)                                0.029711   3.031721 f
  U4367/ZN (OR3_X1)                                   0.162272   3.193993 f
  U30238/ZN (OR2_X2)                                  0.158903   3.352895 f
  U4366/ZN (INV_X1)                                   0.119374   3.472269 r
  U31804/ZN (INV_X1)                                  0.075477   3.547746 f
  U31834/ZN (NAND2_X1)                                0.052136   3.599883 r
  U31835/ZN (INV_X1)                                  0.026327   3.626210 f
  U4353/ZN (NAND2_X1)                                 0.032673   3.658883 r
  U4797/ZN (INV_X1)                                   0.024171   3.683054 f
  U4338/ZN (AOI21_X1)                                 0.061584   3.744638 r
  U4328/ZN (OAI21_X1)                                 0.041243   3.785881 f
  U4708/ZN (AOI21_X1)                                 0.057781   3.843662 r
  U4702/ZN (OAI21_X1)                                 0.041547   3.885209 f
  U31862/ZN (NAND2_X1)                                0.029783   3.914992 r
  U4690/ZN (AND2_X1)                                  0.044431   3.959423 r
  U4681/ZN (OAI21_X1)                                 0.033706   3.993129 f
  U5701/ZN (AOI21_X1)                                 0.082964   4.076092 r
  U4315/ZN (INV_X1)                                   0.082656   4.158748 f
  U31990/ZN (NAND2_X1)                                0.049664   4.208412 r
  U31991/ZN (OAI21_X1)                                0.038479   4.246891 f
  U31992/ZN (OR2_X1)                                  0.070995   4.317886 f
  U31995/ZN (NAND2_X1)                                0.029896   4.347782 r
  U31997/ZN (NAND2_X1)                                0.030629   4.378411 f
  U5517/ZN (AOI21_X1)                                 0.054262   4.432673 r
  U4667/ZN (OAI21_X1)                                 0.043589   4.476262 f
  U5469/ZN (AOI21_X1)                                 0.056425   4.532687 r
  U4666/ZN (OAI21_X1)                                 0.043589   4.576276 f
  U4309/ZN (AOI21_X1)                                 0.056885   4.633161 r
  U4665/ZN (OAI21_X1)                                 0.041346   4.674507 f
  U4663/ZN (NAND2_X1)                                 0.029953   4.704461 r
  U4662/ZN (AND2_X1)                                  0.045582   4.750043 r
  U4661/ZN (OAI21_X1)                                 0.036982   4.787025 f
  U4307/ZN (AOI21_X1)                                 0.055997   4.843022 r
  U4660/ZN (OAI21_X1)                                 0.041346   4.884368 f
  U4656/ZN (NAND2_X1)                                 0.029953   4.914322 r
  U4655/ZN (AND2_X1)                                  0.045582   4.959904 r
  U4653/ZN (OAI21_X1)                                 0.036983   4.996887 f
  U4306/ZN (AOI21_X1)                                 0.055997   5.052885 r
  U4652/ZN (OAI21_X1)                                 0.041346   5.094231 f
  U4651/ZN (NAND2_X1)                                 0.029914   5.124145 r
  U4650/ZN (AND2_X1)                                  0.045576   5.169721 r
  U4649/ZN (OAI21_X1)                                 0.037154   5.206875 f
  U4648/ZN (NAND2_X1)                                 0.029573   5.236448 r
  U4647/ZN (AND2_X1)                                  0.046953   5.283401 r
  U4646/ZN (OAI21_X1)                                 0.037002   5.320404 f
  U4305/ZN (AOI21_X1)                                 0.055998   5.376401 r
  U32037/ZN (OAI21_X1)                                0.037390   5.413792 f
  U32180/CO (FA_X1)                                   0.090559   5.504351 f
  U32052/CO (FA_X1)                                   0.090643   5.594994 f
  U32185/CO (FA_X1)                                   0.090643   5.685637 f
  U32050/CO (FA_X1)                                   0.090643   5.776281 f
  U32189/CO (FA_X1)                                   0.090643   5.866924 f
  U32191/CO (FA_X1)                                   0.090643   5.957568 f
  U32198/CO (FA_X1)                                   0.090643   6.048211 f
  U32048/CO (FA_X1)                                   0.090643   6.138855 f
  U32046/CO (FA_X1)                                   0.090643   6.229498 f
  U32042/CO (FA_X1)                                   0.092626   6.322124 f
  U5700/ZN (OR3_X1)                                   0.102531   6.424655 f
  U4643/ZN (INV_X2)                                   0.092570   6.517225 r
  U32094/Z (MUX2_X1)                                  0.107603   6.624828 f
  U32097/ZN (NAND2_X1)                                0.035125   6.659954 r
  U32098/ZN (NAND3_X1)                                0.038689   6.698643 f
  U32697/CO (FA_X1)                                   0.098506   6.797149 f
  U32103/ZN (NAND2_X1)                                0.032403   6.829552 r
  U4640/ZN (AND3_X1)                                  0.059234   6.888786 r
  U4639/ZN (OAI21_X1)                                 0.040430   6.929216 f
  U32113/ZN (NAND2_X1)                                0.034287   6.963503 r
  U32115/ZN (NAND3_X1)                                0.049139   7.012643 f
  U32119/ZN (NAND2_X1)                                0.035509   7.048151 r
  U32121/ZN (NAND3_X1)                                0.049139   7.097291 f
  U32125/ZN (NAND2_X1)                                0.035509   7.132800 r
  U32127/ZN (NAND3_X1)                                0.049091   7.181891 f
  U32132/ZN (NAND2_X1)                                0.033136   7.215027 r
  U4638/ZN (AND3_X1)                                  0.059164   7.274191 r
  U4637/ZN (OAI21_X1)                                 0.042080   7.316271 f
  U32137/ZN (NAND2_X1)                                0.033879   7.350150 r
  U32139/ZN (NAND3_X1)                                0.049307   7.399457 f
  U32143/ZN (NAND2_X1)                                0.035554   7.435011 r
  U32145/ZN (NAND3_X1)                                0.049307   7.484318 f
  U32149/ZN (NAND2_X1)                                0.035554   7.519872 r
  U32151/ZN (NAND3_X1)                                0.038911   7.558783 f
  U32743/CO (FA_X1)                                   0.090296   7.649079 f
  U32754/CO (FA_X1)                                   0.090643   7.739722 f
  U32756/CO (FA_X1)                                   0.098990   7.838712 f
  U32156/ZN (NAND2_X1)                                0.034698   7.873410 r
  U32158/ZN (NAND3_X1)                                0.049842   7.923252 f
  U32160/ZN (NAND2_X1)                                0.038362   7.961614 r
  U32161/ZN (NAND3_X1)                                0.049510   8.011125 f
  U32163/ZN (NAND2_X1)                                0.038422   8.049546 r
  U32164/ZN (NAND3_X1)                                0.048978   8.098524 f
  U32170/ZN (NAND2_X1)                                0.033225   8.131749 r
  U4636/ZN (AND3_X1)                                  0.059188   8.190937 r
  U4635/ZN (OAI21_X1)                                 0.042197   8.233134 f
  U32176/ZN (NAND2_X1)                                0.033918   8.267053 r
  U32178/ZN (NAND3_X1)                                0.049295   8.316348 f
  U32182/ZN (NAND2_X1)                                0.033177   8.349525 r
  U4634/ZN (AND3_X1)                                  0.059176   8.408702 r
  U4633/ZN (OAI21_X1)                                 0.042198   8.450900 f
  U32187/ZN (NAND2_X1)                                0.031735   8.482635 r
  U4304/ZN (AND3_X1)                                  0.058953   8.541589 r
  U4632/ZN (OAI21_X1)                                 0.037862   8.579451 f
  U4630/ZN (NAND2_X1)                                 0.030773   8.610224 r
  U4629/ZN (NAND2_X1)                                 0.034829   8.645053 f
  U32194/ZN (NAND2_X1)                                0.032773   8.677826 r
  U32196/ZN (NAND3_X1)                                0.049295   8.727121 f
  U32200/ZN (NAND2_X1)                                0.033177   8.760299 r
  U4628/ZN (AND3_X1)                                  0.059176   8.819475 r
  U5602/ZN (OAI21_X1)                                 0.034885   8.854361 f
  U32796/CO (FA_X1)                                   0.093295   8.947656 f
  U5476/ZN (NOR2_X1)                                  0.057602   9.005258 r
  U4625/ZN (INV_X1)                                   0.095565   9.100822 f
  U32741/Z (MUX2_X1)                                  0.112820   9.213642 f
  U5408/ZN (NOR2_X1)                                  0.061852   9.275495 r
  U32742/ZN (INV_X1)                                  0.029973   9.305468 f
  U4588/ZN (AND2_X1)                                  0.042125   9.347592 f
  U4580/ZN (AOI21_X1)                                 0.039696   9.387288 r
  U4563/ZN (OAI21_X1)                                 0.037889   9.425177 f
  U4535/ZN (AOI21_X2)                                 0.159636   9.584813 r
  U32753/ZN (INV_X1)                                  0.035359   9.620173 f
  U4521/ZN (AOI21_X1)                                 0.061376   9.681548 r
  U32828/ZN (INV_X1)                                  0.096199   9.777747 f
  U32829/ZN (OR2_X1)                                  0.086674   9.864421 f
  U32832/ZN (NAND2_X1)                                0.027753   9.892174 r
  u_execute/u_div/u_div/part_rem_reg_reg[1]/SE (SDFF_X1)
                                                      0.013717   9.905890 r
  data arrival time                                              9.905890

  clock my_clk (rise edge)                            10.000000  10.000000
  clock network delay (ideal)                         0.000000   10.000000
  u_execute/u_div/u_div/part_rem_reg_reg[1]/CK (SDFF_X1)
                                                      0.000000   10.000000 r
  library setup time                                  -0.086868  9.913132
  data required time                                             9.913132
  --------------------------------------------------------------------------
  data required time                                             9.913132
  data arrival time                                              -9.905890
  --------------------------------------------------------------------------
  slack (MET)                                                    0.007241


1
